// Jest Snapshot v1, https://goo.gl/fbAQLP

exports[`DashboardAgent should test component render correctly 1`] = `
<div class="agent-dashboard">
  <h2>Tableau de bord</h2>
  <!---->
  <div class="agent-options">
    <v-card elevation="8" class="agent-card">
      <v-card-title>
        Vos demandes de rendez-vous
      </v-card-title>
      <v-card-text>
        Fonctionnalité indisponible pour le moment !
      </v-card-text>
    </v-card>
    <v-card elevation="8" class="agent-card">
      <v-card-title>
        Vos factures
      </v-card-title>
      <v-card-text>
        Fonctionnalité indisponible pour le moment !
      </v-card-text>
    </v-card>
    <v-card elevation="8" class="agent-card">
      <v-card-title>
        Vos informations
      </v-card-title>
      <v-card-text>
        <!---->
      </v-card-text>
    </v-card>
    <v-card elevation="8" class="agent-card">
      <v-card-title>
        Votre mot de passe
      </v-card-title>
      <v-card-text>
        <v-form>
          <v-text-field color="black" rules="v => /^(?=.*\\d)(?=.*[a-z])(?=.*[A-Z])(?=.*[a-zA-Z]).{8,}$/.test(v) || 'Mot de passe invalide'" type="password" label="Entrer votre ancien mot de passe" required=""></v-text-field>
          <v-text-field color="black" rules="v => /^(?=.*\\d)(?=.*[a-z])(?=.*[A-Z])(?=.*[a-zA-Z]).{8,}$/.test(v) || 'Mot de passe invalide'" type="password" label="Nouveau mot de passe" required=""></v-text-field>
          <v-text-field color="black" rules="true" type="password" label="Confirmer le nouveau mot de passe" required=""></v-text-field>
          <div class="update-agent-btn">
            <v-btn text="" disabled="true">
              Envoyer
            </v-btn>
            <v-btn text="" class="ml-4">
              Annuler
            </v-btn>
          </div>
        </v-form>
      </v-card-text>
    </v-card>
    <div>
      <modaldelete-stub modalinfo="[object Object]"></modaldelete-stub>
    </div>
    <v-btn dark="" text="" color="error" class="ma-2">
      Supprimer votre compte
    </v-btn>
  </div>
</div>
`;
