// Jest Snapshot v1, https://goo.gl/fbAQLP

exports[`ResetPassword should test component render correctly 1`] = `
<div class="reset-password">
  <h2>Réinitialisation du mot de passe</h2>
  <div class="reset-password-container-alert">
    <v-alert dense="" text="" dismissible="" elevation="15" type="success" class="reset-password-alert">
      Le mail de réinitialisation à bien été envoyer ! Si vous ne trouver pas le mail en question vérifier dans vos spam.
    </v-alert>
  </div>
  <v-form class="reset-password-form">
    <v-text-field color="black" rules="v => /^[\\w-\\\\.]+@([\\w-]+\\.)+[\\w-]{2,4}$/.test(v) || 'Adresse email invalide'" type="email" label="Courriel" required="" class="reset-password-input"></v-text-field>
    <div class="reset-password-btn">
      <v-btn text="" disabled="true">
        Envoyer
      </v-btn>
      <v-btn text="">
        Annuler
      </v-btn>
    </div>
  </v-form>
</div>
`;
