// Jest Snapshot v1, https://goo.gl/fbAQLP

exports[`AboutPage should test component render correctly 1`] = `
<div class="page-prices">
  <h2>A propos</h2>
  <div class="about-section">
    <p>
      Notre équipe vous propose des <span class="about-strong">Mannequins / Photographes / Studios</span> photos en région bretonne ainsi que parisienne
      pour lancer votre campagne publicitaire et vous suivre jusqu’au bout de vos ambitions.
    </p>
    <p>
      En reprenant les valeurs <span class="about-strong">votre identité de marque</span>, nous vous accompagnons dans vos projets de communications
      afin de renforcer votre empreinte, unique soit-elle.
    </p>
  </div>
  <h2>Nos modèles</h2>
  <v-card elevation="8" shaped="" class="pack-bronze">
    <v-card-title>
      <v-icon large="" left="" class="bronze-star">
        mdi-star-check
      </v-icon> <span class="text-h6 font-weight-light">Modèle T7</span>
    </v-card-title>
    <v-card-text class="font-weight-bold">
      Les T7 sont des modèles qui n'ont encore jamais travaillé avec AG Scouting.
    </v-card-text>
    <v-btn color="black lighten-2" text="" class="pack-btn">
      <router-link to="/contact">
        Contactez-nous
      </router-link>
    </v-btn>
  </v-card>
  <v-card elevation="8" shaped="" class="pack-silver">
    <v-card-title>
      <v-icon large="" left="" class="silver-star">
        mdi-star-check
      </v-icon> <span class="text-h6 font-weight-light">Modèle T8</span>
    </v-card-title>
    <v-card-text class="font-weight-bold">
      Les T8 sont des modèles qui ont déjà travaillé avec AG Scouting en France.
    </v-card-text>
    <v-btn color="black lighten-2" text="" class="pack-btn">
      <router-link to="/contact">
        Contactez-nous
      </router-link>
    </v-btn>
  </v-card>
  <div class="page-prices-section">
    <v-card elevation="8" shaped="" class="pack-gold">
      <v-card-title>
        <v-icon large="" left="" class="gold-star">
          mdi-star-check
        </v-icon> <span class="text-h6 font-weight-light">Modèle T9</span>
      </v-card-title>
      <v-card-text class="font-weight-bold">
        Les T9 sont des modèles qui ont déjà travaillé avec AG Scouting à l’international.
      </v-card-text>
      <v-btn color="black lighten-2" text="" class="pack-btn">
        <router-link to="/contact">
          Contactez-nous
        </router-link>
      </v-btn>
    </v-card>
    <v-card elevation="8" shaped="" class="pack-diamond">
      <v-card-title>
        <v-icon large="" left="" class="diamond-star">
          mdi-star-check
        </v-icon> <span class="text-h6 font-weight-light">Modèle T10</span>
      </v-card-title>
      <v-card-text class="font-weight-bold">
        Les T10 sont des modèles reconnus et ayant déjà une forte expérience en France ou à l'international.
      </v-card-text>
      <v-btn color="black lighten-2" text="" class="pack-btn">
        <router-link to="/contact">
          Contactez-nous
        </router-link>
      </v-btn>
    </v-card>
  </div>
  <h2>Autre services</h2>
  <v-card elevation="8" shaped="" class="pack-bronze">
    <v-card-title>
      <v-icon large="" left="">
        mdi-camera
      </v-icon> <span class="text-h6 font-weight-light">Photographes</span>
    </v-card-title>
    <v-card-text class="font-weight-bold">
      <div class="my-4 text-subtitle-1">
        AG-Scouting propose aussi un service de shooting avec nos photographes expert dans le domaine.
      </div>
      - Nathan FRETUN <br>
      - Alexis BOGROFF
    </v-card-text>
    <v-btn color="black lighten-2" text="" class="pack-btn">
      <router-link to="/contact">
        Contactez-nous
      </router-link>
    </v-btn>
  </v-card>
  <v-card elevation="8" shaped="" class="pack-bronze">
    <v-card-title>
      <v-icon large="" left="">
        mdi-camera-image
      </v-icon> <span class="text-h6 font-weight-light">Studios</span>
    </v-card-title>
    <v-card-text class="font-weight-bold">
      <div class="my-4 text-subtitle-1">
        AG-Scouting dispose aussi de plusieurs studio de shooting permettant de répondre à tous vos besoins.
      </div>
      - En région parisienne <br>
      - En région bretagne
    </v-card-text>
    <v-btn color="black lighten-2" text="" class="pack-btn">
      <router-link to="/contact">
        Contactez-nous
      </router-link>
    </v-btn>
  </v-card>
  <presentationsection-stub></presentationsection-stub>
</div>
`;
